C51 COMPILER V9.54   AT2042B                                                               11/05/2021 09:43:12 PAGE 1   


C51 COMPILER V9.54, COMPILATION OF MODULE AT2042B
OBJECT MODULE PLACED IN .\Objects\at2042b.obj
COMPILER INVOKED BY: D:\keil\C51\BIN\C51.EXE at2042b.c OPTIMIZE(8,SPEED) BROWSE DEBUG OBJECTEXTEND PRINT(.\Listings\at20
                    -42b.lst) OBJECT(.\Objects\at2042b.obj)

line level    source

   1          /********************************************************************
   2                                      汇诚科技
   3          
   4          实现功能:STC12C5A60S2单片机之AT24C04测试程序12T
   5          使用芯片：STC12C5A60S2
   6          晶振：11.0592MHZ
   7          波特率：115200
   8          编译环境：Keil
   9          作者：zhangxinchun
  10          网站：www.ourhc.cn
  11          淘宝店：
  12          汇诚科技 http://ourhc.taobao.com
  13          郑兴电子直销部 http://shop68451856.taobao.com
  14          【声明】此程序仅用于学习与参考，引用请注明版权和作者信息！  
  15            
  16          
  17          *********************************************************************/
  18          #include "REG52.H"
  19          #include "INTRINS.H"
  20          #include "delay.h"
  21          
  22          typedef unsigned char BYTE;
  23          typedef unsigned short WORD;
  24          
  25          sbit SCL = P1^4;                //AT24C04的时钟
  26          sbit SDA = P1^3;                //AT24C04的数据
  27          
  28          BYTE BUF[16];                   //数据缓存区
  29          
  30          BYTE code res[6] _at_ 0x23;
  31          
  32          BYTE code TESTDATA[] =
  33          {
  34              0x00,0x11,0x22,0x33,0x44,0x55,0x66,0x77,
  35              0x88,0x99,0xAA,0xBB,0xCC,0xDD,0xEE,0xFF
  36          };
  37          
  38          /**************************************
  39          向AT24C04写1页(16字节)数据
  40          将TESTDATA开始的16个测试数据写如设备的00~0F地址中
  41          **************************************/
  42          
  43          void AT24C04_Start()
  44          {
  45   1          SDA = 1;                    //-贌私邼袩
  46   1          SCL = 1;                    //-贌时讚袩
  47   1          Delay5us();                 //覔时
  48   1          SDA = 0;                    //雍屎袀莸覙
  49   1          Delay5us();                 //覔时
  50   1          SCL = 0;                    //-謲时讚袩
  51   1      }
  52          
  53          /**************************************
  54          停止褏蹍
C51 COMPILER V9.54   AT2042B                                                               11/05/2021 09:43:12 PAGE 2   

  55          **************************************/
  56          void AT24C04_Stop()
  57          {
  58   1          SDA = 0;                    //-謲私邼袩
  59   1          SCL = 1;                    //-贌时讚袩
  60   1          Delay5us();                 //覔时
  61   1          SDA = 1;                    //雍屎蕪式覙
  62   1          Delay5us();                 //覔时
  63   1      }
  64          
  65          void AT24C04_SendACK(bit ack)
  66          {
  67   1          SDA = ack;                  //写应答信号
  68   1          SCL = 1;                    //拉高时钟线
  69   1          Delay5us();                 //延时
  70   1          SCL = 0;                    //拉低时钟线
  71   1          Delay5us();                 //延时
  72   1      }
  73          
  74          /**************************************
  75          接收应答信号
  76          **************************************/
  77          bit AT24C04_RecvACK()
  78          {
  79   1          SCL = 1;                    //拉高时钟线
  80   1          Delay5us();                 //延时
  81   1          CY = SDA;                   //读应答信号
  82   1          SCL = 0;                    //拉低时钟线
  83   1          Delay5us();                 //延时
  84   1      
  85   1          return CY;
  86   1      }
  87          
  88          /**************************************
  89          向IIC总线发送一个字节数据
  90          **************************************/
  91          void AT24C04_SendByte(BYTE dat)
  92          {
  93   1          BYTE i;
  94   1      
  95   1          for (i=0; i<8; i++)         //8位计数器
  96   1          {
  97   2              dat <<= 1;              //移出数据的最高位
  98   2              SDA = CY;               //送数据口
  99   2              SCL = 1;                //拉高时钟线
 100   2              Delay5us();             //延时
 101   2              SCL = 0;                //拉低时钟线
 102   2              Delay5us();             //延时
 103   2          }
 104   1          AT24C04_RecvACK();
 105   1      }
 106          
 107          /**************************************
 108          从IIC总线接收一个字节数据
 109          **************************************/
 110          BYTE AT24C04_RecvByte()
 111          {
 112   1          BYTE i;
 113   1          BYTE dat = 0;
 114   1      
 115   1          SDA = 1;                    //使能内部上拉,准备读取数据
 116   1          for (i=0; i<8; i++)         //8位计数器
C51 COMPILER V9.54   AT2042B                                                               11/05/2021 09:43:12 PAGE 3   

 117   1          {
 118   2              dat <<= 1;
 119   2              SCL = 1;                //拉高时钟线
 120   2              Delay5us();             //延时
 121   2              dat |= SDA;             //读数据
 122   2              SCL = 0;                //拉低时钟线
 123   2              Delay5us();             //延时
 124   2          }
 125   1      
 126   1          return dat;
 127   1      }
 128          
 129          void AT24C04_WritePage()
 130          {
 131   1          BYTE i;
 132   1      
 133   1          AT24C04_Start();            //前始褏蹍
 134   1          AT24C04_SendByte(0xa0);     //注虓狮迅謽址+写褏蹍
 135   1          AT24C04_SendByte(0x00);     //注虓咋寓榨元謽址
 136   1          for (i=0; i<16; i++)
 137   1          {
 138   2              AT24C04_SendByte(TESTDATA[i]);
 139   2          }
 140   1          AT24C04_Stop();             //停止褏蹍
 141   1      }
 142          
 143          void AT24C04_ReadPage()
 144          {
 145   1          BYTE i;
 146   1      
 147   1          AT24C04_Start();            //前始褏蹍
 148   1          AT24C04_SendByte(0xa0);     //注虓狮迅謽址+写褏蹍
 149   1          AT24C04_SendByte(0x00);     //注虓咋寓榨元謽址
 150   1          AT24C04_Start();            //前始褏蹍
 151   1          AT24C04_SendByte(0xa1);     //注虓狮迅謽址+讈褏蹍
 152   1          for (i=0; i<16; i++)
 153   1          {
 154   2              BUF[i] = AT24C04_RecvByte();
 155   2              if (i == 15)
 156   2              {
 157   3                  AT24C04_SendACK(1); //禺鄢一俣私邼穴要堋NAK
 158   3              }
 159   2              else
 160   2              {
 161   3                  AT24C04_SendACK(0); //軜应ACK
 162   3              }
 163   2          }
 164   1          AT24C04_Stop();             //停止褏蹍
 165   1      }


MODULE INFORMATION:   STATIC OVERLAYABLE
   CODE SIZE        =    228    ----
   CONSTANT SIZE    =     16    ----
   XDATA SIZE       =   ----    ----
   PDATA SIZE       =   ----    ----
   DATA SIZE        =     16       6
   IDATA SIZE       =   ----    ----
   BIT SIZE         =   ----       1
END OF MODULE INFORMATION.


C51 COMPILATION COMPLETE.  0 WARNING(S),  0 ERROR(S)
